
  You can now view your Streamlit app in your browser.

  Local URL: http://localhost:8501
  Network URL: http://10.60.26.32:8501
  External URL: http://112.133.246.34:8501

+------------------------- Traceback (most recent call last) --------------------------+
| C:\Users\Ashay\AppData\Local\Programs\Python\Python312\Lib\site-packages\streamlit\r |
| untime\scriptrunner\exec_code.py:129 in exec_func_with_error_handling                |
|                                                                                      |
| C:\Users\Ashay\AppData\Local\Programs\Python\Python312\Lib\site-packages\streamlit\r |
| untime\scriptrunner\script_runner.py:687 in code_to_exec                             |
|                                                                                      |
| C:\Users\Ashay\AppData\Local\Programs\Python\Python312\Lib\site-packages\streamlit\r |
| untime\scriptrunner\script_runner.py:166 in _mpa_v1                                  |
|                                                                                      |
| C:\Users\Ashay\AppData\Local\Programs\Python\Python312\Lib\site-packages\streamlit\n |
| avigation\page.py:490 in run                                                         |
|                                                                                      |
| D:\Personal projects\DeltaGrid\app\pages\2_rankings.py:31 in <module>                |
|                                                                                      |
|   28 tab1, tab2, tab3 = st.tabs(["All Countries", "Laggards", "Hidden Champions"])   |
|   29                                                                                 |
|   30 with tab1:                                                                      |
| > 31     rankings = get_rankings(classified)                                         |
|   32     render_ranking_table(rankings, f"All Countries ({selected_year})", max_rows |
|   33                                                                                 |
|   34 with tab2:                                                                      |
|                                                                                      |
| D:\Personal projects\DeltaGrid\src\models\ranking.py:53 in get_rankings              |
|                                                                                      |
|   50                                                                                 |
|   51 def get_rankings(df: pd.DataFrame) -> pd.DataFrame:                             |
|   52     """Return full country ranking sorted by gap (best to worst)."""            |
| > 53     return df.sort_values("gap", ascending=False).reset_index(drop=True)        |
|   54                                                                                 |
|                                                                                      |
| C:\Users\Ashay\AppData\Local\Programs\Python\Python312\Lib\site-packages\pandas\core |
| \frame.py:7189 in sort_values                                                        |
|                                                                                      |
|    7186         elif len(by):                                                        |
|    7187             # len(by) == 1                                                   |
|    7188                                                                              |
| >  7189             k = self._get_label_or_level_values(by[0], axis=axis)            |
|    7190                                                                              |
|    7191             # need to rewrap column in Series to apply key function          |
|    7192             if key is not None:                                              |
|                                                                                      |
| C:\Users\Ashay\AppData\Local\Programs\Python\Python312\Lib\site-packages\pandas\core |
| \generic.py:1911 in _get_label_or_level_values                                       |
|                                                                                      |
|    1908         elif self._is_level_reference(key, axis=axis):                       |
|    1909             values = self.axes[axis].get_level_values(key)._values           |
|    1910         else:                                                                |
| >  1911             raise KeyError(key)                                              |
|    1912                                                                              |
|    1913         # Check for duplicates                                               |
|    1914         if values.ndim > 1:                                                  |
+--------------------------------------------------------------------------------------+
KeyError: 'gap'
+------------------------- Traceback (most recent call last) --------------------------+
| C:\Users\Ashay\AppData\Local\Programs\Python\Python312\Lib\site-packages\streamlit\r |
| untime\scriptrunner\exec_code.py:129 in exec_func_with_error_handling                |
|                                                                                      |
| C:\Users\Ashay\AppData\Local\Programs\Python\Python312\Lib\site-packages\streamlit\r |
| untime\scriptrunner\script_runner.py:687 in code_to_exec                             |
|                                                                                      |
| C:\Users\Ashay\AppData\Local\Programs\Python\Python312\Lib\site-packages\streamlit\r |
| untime\scriptrunner\script_runner.py:166 in _mpa_v1                                  |
|                                                                                      |
| C:\Users\Ashay\AppData\Local\Programs\Python\Python312\Lib\site-packages\streamlit\n |
| avigation\page.py:490 in run                                                         |
|                                                                                      |
| D:\Personal projects\DeltaGrid\app\pages\2_rankings.py:31 in <module>                |
|                                                                                      |
|   28 tab1, tab2, tab3 = st.tabs(["All Countries", "Laggards", "Hidden Champions"])   |
|   29                                                                                 |
|   30 with tab1:                                                                      |
| > 31     rankings = get_rankings(classified)                                         |
|   32     render_ranking_table(rankings, f"All Countries ({selected_year})", max_rows |
|   33                                                                                 |
|   34 with tab2:                                                                      |
|                                                                                      |
| D:\Personal projects\DeltaGrid\src\models\ranking.py:53 in get_rankings              |
|                                                                                      |
|   50                                                                                 |
|   51 def get_rankings(df: pd.DataFrame) -> pd.DataFrame:                             |
|   52     """Return full country ranking sorted by gap (best to worst)."""            |
| > 53     return df.sort_values("gap", ascending=False).reset_index(drop=True)        |
|   54                                                                                 |
|                                                                                      |
| C:\Users\Ashay\AppData\Local\Programs\Python\Python312\Lib\site-packages\pandas\core |
| \frame.py:7189 in sort_values                                                        |
|                                                                                      |
|    7186         elif len(by):                                                        |
|    7187             # len(by) == 1                                                   |
|    7188                                                                              |
| >  7189             k = self._get_label_or_level_values(by[0], axis=axis)            |
|    7190                                                                              |
|    7191             # need to rewrap column in Series to apply key function          |
|    7192             if key is not None:                                              |
|                                                                                      |
| C:\Users\Ashay\AppData\Local\Programs\Python\Python312\Lib\site-packages\pandas\core |
| \generic.py:1911 in _get_label_or_level_values                                       |
|                                                                                      |
|    1908         elif self._is_level_reference(key, axis=axis):                       |
|    1909             values = self.axes[axis].get_level_values(key)._values           |
|    1910         else:                                                                |
| >  1911             raise KeyError(key)                                              |
|    1912                                                                              |
|    1913         # Check for duplicates                                               |
|    1914         if values.ndim > 1:                                                  |
+--------------------------------------------------------------------------------------+
KeyError: 'gap'
+------------------------- Traceback (most recent call last) --------------------------+
| C:\Users\Ashay\AppData\Local\Programs\Python\Python312\Lib\site-packages\streamlit\r |
| untime\scriptrunner\exec_code.py:129 in exec_func_with_error_handling                |
|                                                                                      |
| C:\Users\Ashay\AppData\Local\Programs\Python\Python312\Lib\site-packages\streamlit\r |
| untime\scriptrunner\script_runner.py:687 in code_to_exec                             |
|                                                                                      |
| C:\Users\Ashay\AppData\Local\Programs\Python\Python312\Lib\site-packages\streamlit\r |
| untime\scriptrunner\script_runner.py:166 in _mpa_v1                                  |
|                                                                                      |
| C:\Users\Ashay\AppData\Local\Programs\Python\Python312\Lib\site-packages\streamlit\n |
| avigation\page.py:490 in run                                                         |
|                                                                                      |
| D:\Personal projects\DeltaGrid\app\pages\2_rankings.py:7 in <module>                 |
|                                                                                      |
|    4                                                                                 |
|    5 from app.components.sidebar import render_sidebar                               |
|    6 from app.components.tables import render_ranking_table                          |
| >  7 from src.data.owid import get_owid_year_range, load_owid_data                   |
|    8 from src.models.ranking import (                                                |
|    9     classify_countries,                                                         |
|   10     get_hidden_champions,                                                       |
+--------------------------------------------------------------------------------------+
ImportError: cannot import name 'fetch_all_ndcs' from 'src.data.climate_watch' 
(D:\Personal projects\DeltaGrid\src\data\climate_watch.py)
+------------------------- Traceback (most recent call last) --------------------------+
| C:\Users\Ashay\AppData\Local\Programs\Python\Python312\Lib\site-packages\streamlit\r |
| untime\scriptrunner\exec_code.py:129 in exec_func_with_error_handling                |
|                                                                                      |
| C:\Users\Ashay\AppData\Local\Programs\Python\Python312\Lib\site-packages\streamlit\r |
| untime\scriptrunner\script_runner.py:687 in code_to_exec                             |
|                                                                                      |
| C:\Users\Ashay\AppData\Local\Programs\Python\Python312\Lib\site-packages\streamlit\r |
| untime\scriptrunner\script_runner.py:166 in _mpa_v1                                  |
|                                                                                      |
| C:\Users\Ashay\AppData\Local\Programs\Python\Python312\Lib\site-packages\streamlit\n |
| avigation\page.py:490 in run                                                         |
|                                                                                      |
| D:\Personal projects\DeltaGrid\app\pages\2_rankings.py:7 in <module>                 |
|                                                                                      |
|    4                                                                                 |
|    5 from app.components.sidebar import render_sidebar                               |
|    6 from app.components.tables import render_ranking_table                          |
| >  7 from src.data.climate_watch import fetch_all_ndcs                               |
|    8 from src.data.owid import get_owid_year_range, load_owid_data                   |
|    9 from src.models.gap import compute_gap                                          |
|   10 from src.models.ranking import (                                                |
+--------------------------------------------------------------------------------------+
ImportError: cannot import name 'fetch_all_ndcs' from 'src.data.climate_watch' 
(D:\Personal projects\DeltaGrid\src\data\climate_watch.py)
+------------------------- Traceback (most recent call last) --------------------------+
| C:\Users\Ashay\AppData\Local\Programs\Python\Python312\Lib\site-packages\streamlit\r |
| untime\scriptrunner\exec_code.py:129 in exec_func_with_error_handling                |
|                                                                                      |
| C:\Users\Ashay\AppData\Local\Programs\Python\Python312\Lib\site-packages\streamlit\r |
| untime\scriptrunner\script_runner.py:687 in code_to_exec                             |
|                                                                                      |
| C:\Users\Ashay\AppData\Local\Programs\Python\Python312\Lib\site-packages\streamlit\r |
| untime\scriptrunner\script_runner.py:166 in _mpa_v1                                  |
|                                                                                      |
| C:\Users\Ashay\AppData\Local\Programs\Python\Python312\Lib\site-packages\streamlit\n |
| avigation\page.py:490 in run                                                         |
|                                                                                      |
| D:\Personal projects\DeltaGrid\app\pages\1_gap_analysis.py:8 in <module>             |
|                                                                                      |
|    5 from app.components.choropleth import render_choropleth                         |
|    6 from app.components.sidebar import render_sidebar                               |
|    7 from app.components.tables import render_classification_summary                 |
| >  8 from src.data.climate_watch import fetch_all_ndcs                               |
|    9 from src.data.owid import get_owid_year_range, load_owid_data                   |
|   10 from src.models.gap import compute_gap                                          |
|   11 from src.models.ranking import classify_countries, get_laggards                 |
+--------------------------------------------------------------------------------------+
ImportError: cannot import name 'fetch_all_ndcs' from 'src.data.climate_watch' 
(D:\Personal projects\DeltaGrid\src\data\climate_watch.py)
+------------------------- Traceback (most recent call last) --------------------------+
| C:\Users\Ashay\AppData\Local\Programs\Python\Python312\Lib\site-packages\streamlit\r |
| untime\scriptrunner\exec_code.py:129 in exec_func_with_error_handling                |
|                                                                                      |
| C:\Users\Ashay\AppData\Local\Programs\Python\Python312\Lib\site-packages\streamlit\r |
| untime\scriptrunner\script_runner.py:687 in code_to_exec                             |
|                                                                                      |
| C:\Users\Ashay\AppData\Local\Programs\Python\Python312\Lib\site-packages\streamlit\r |
| untime\scriptrunner\script_runner.py:166 in _mpa_v1                                  |
|                                                                                      |
| C:\Users\Ashay\AppData\Local\Programs\Python\Python312\Lib\site-packages\streamlit\n |
| avigation\page.py:490 in run                                                         |
|                                                                                      |
| D:\Personal projects\DeltaGrid\app\pages\1_gap_analysis.py:8 in <module>             |
|                                                                                      |
|    5 from app.components.choropleth import render_choropleth                         |
|    6 from app.components.sidebar import render_sidebar                               |
|    7 from app.components.tables import render_classification_summary                 |
| >  8 from src.data.climate_watch import fetch_all_ndcs                               |
|    9 from src.data.owid import get_owid_year_range, load_owid_data                   |
|   10 from src.models.gap import compute_gap                                          |
|   11 from src.models.ranking import classify_countries, get_laggards                 |
+--------------------------------------------------------------------------------------+
ImportError: cannot import name 'fetch_all_ndcs' from 'src.data.climate_watch' 
(D:\Personal projects\DeltaGrid\src\data\climate_watch.py)
+------------------------- Traceback (most recent call last) --------------------------+
| C:\Users\Ashay\AppData\Local\Programs\Python\Python312\Lib\site-packages\streamlit\r |
| untime\scriptrunner\exec_code.py:129 in exec_func_with_error_handling                |
|                                                                                      |
| C:\Users\Ashay\AppData\Local\Programs\Python\Python312\Lib\site-packages\streamlit\r |
| untime\scriptrunner\script_runner.py:687 in code_to_exec                             |
|                                                                                      |
| C:\Users\Ashay\AppData\Local\Programs\Python\Python312\Lib\site-packages\streamlit\r |
| untime\scriptrunner\script_runner.py:166 in _mpa_v1                                  |
|                                                                                      |
| C:\Users\Ashay\AppData\Local\Programs\Python\Python312\Lib\site-packages\streamlit\n |
| avigation\page.py:490 in run                                                         |
|                                                                                      |
| D:\Personal projects\DeltaGrid\app\pages\1_gap_analysis.py:8 in <module>             |
|                                                                                      |
|    5 from app.components.choropleth import render_choropleth                         |
|    6 from app.components.sidebar import render_sidebar                               |
|    7 from app.components.tables import render_classification_summary                 |
| >  8 from src.data.climate_watch import fetch_all_ndcs                               |
|    9 from src.data.owid import get_owid_year_range, load_owid_data                   |
|   10 from src.models.gap import compute_gap                                          |
|   11 from src.models.ranking import classify_countries, get_laggards                 |
+--------------------------------------------------------------------------------------+
ImportError: cannot import name 'fetch_all_ndcs' from 'src.data.climate_watch' 
(D:\Personal projects\DeltaGrid\src\data\climate_watch.py)
+------------------------- Traceback (most recent call last) --------------------------+
| C:\Users\Ashay\AppData\Local\Programs\Python\Python312\Lib\site-packages\streamlit\r |
| untime\scriptrunner\exec_code.py:129 in exec_func_with_error_handling                |
|                                                                                      |
| C:\Users\Ashay\AppData\Local\Programs\Python\Python312\Lib\site-packages\streamlit\r |
| untime\scriptrunner\script_runner.py:687 in code_to_exec                             |
|                                                                                      |
| C:\Users\Ashay\AppData\Local\Programs\Python\Python312\Lib\site-packages\streamlit\r |
| untime\scriptrunner\script_runner.py:166 in _mpa_v1                                  |
|                                                                                      |
| C:\Users\Ashay\AppData\Local\Programs\Python\Python312\Lib\site-packages\streamlit\n |
| avigation\page.py:490 in run                                                         |
|                                                                                      |
| D:\Personal projects\DeltaGrid\app\pages\2_rankings.py:7 in <module>                 |
|                                                                                      |
|    4                                                                                 |
|    5 from app.components.sidebar import render_sidebar                               |
|    6 from app.components.tables import render_ranking_table                          |
| >  7 from src.data.climate_watch import fetch_all_ndcs                               |
|    8 from src.data.owid import get_owid_year_range, load_owid_data                   |
|    9 from src.models.gap import compute_gap                                          |
|   10 from src.models.ranking import (                                                |
+--------------------------------------------------------------------------------------+
ImportError: cannot import name 'fetch_all_ndcs' from 'src.data.climate_watch' 
(D:\Personal projects\DeltaGrid\src\data\climate_watch.py)
